// Jest Snapshot v1, https://goo.gl/fbAQLP

exports[`<CreateGameMenu /> | Component should render correctly 1`] = `
<section
  className="create-game-menu"
>
  <Title
    title="Deduction"
  />
  <div
    className="create-game-menu__option"
  >
    <div
      className="create-game-menu__option__row"
    >
      <h3>
        Turn Timer:
      </h3>
      <ToggleSwitch
        function={[Function]}
      />
    </div>
    <p>
      If enabled teams have one minute to complete their turn.
    </p>
  </div>
  <div
    className="create-game-menu__option"
  >
    <div
      className="create-game-menu__option__row"
    >
      <h3>
        Quick Game:
      </h3>
      <ToggleSwitch
        function={[Function]}
      />
    </div>
    <p>
      If enabled games will last upto six minutes before ending & teams have 30 seconds to complete each turn.
    </p>
  </div>
  <div
    className="create-game-menu__option__selection"
  >
    <h3>
      Select a Word Group...
    </h3>
    <div
      className="create-game-menu__option__selection__container"
    >
      <div
        aria-checked="false"
        className="create-game-menu__option__selection__brick"
        id="err"
        key="err"
        onClick={[Function]}
        role="checkbox"
      >
        <p>
          ERROR :(
        </p>
      </div>
    </div>
  </div>
  <div
    className="create-game-menu__option__text-input"
  >
    <h3>
      OR
    </h3>
    <h3>
      Enter Custom Words...
    </h3>
    <p>
      Enter 25 words by typing one word at a time in the box below and then pressing your enter key.
    </p>
    <input
      id="text-input"
      maxLength={30}
      minLength={2}
      onKeyPress={[Function]}
    />
    <p>
      1
       / 25
    </p>
    <div
      className="create-game-menu__option__text-input__bricks"
    >
      <div
        key="err"
        onClick={[Function]}
      >
        <p>
          err
        </p>
      </div>
    </div>
  </div>
  <Button
    function={[Function]}
    opClasses=""
    title="Go!"
  />
</section>
`;
