// Jest Snapshot v1, https://goo.gl/fbAQLP

exports[`<JoinMenu /> | Component should render correctly 1`] = `
<section
  className="join-menu"
>
  <Title
    title="Deduction"
  />
  <div
    className="join-menu__content"
  >
    <h3>
      Enter Join Link:
    </h3>
    <input />
  </div>
  <NavButton
    function={[Function]}
    opClasses=""
    route="/game"
    title="Join!"
  />
</section>
`;
